app/api/analyze/route.ts(51,7): error TS2353: Object literal may only specify known properties, and 'maxTokens' does not exist in type 'CallSettings & { system?: string | SystemModelMessage | SystemModelMessage[] | undefined; allowSystemInMessages?: boolean | undefined; } & { ...; } & { ...; }'.
app/api/chat/route.ts(61,7): error TS2353: Object literal may only specify known properties, and 'maxTokens' does not exist in type 'CallSettings & { system?: string | SystemModelMessage | SystemModelMessage[] | undefined; allowSystemInMessages?: boolean | undefined; } & { ...; } & { ...; }'.
app/api/share-analysis/route.ts(79,44): error TS2339: Property 'get' does not exist on type 'DocumentReference<DocumentData, DocumentData>'.
app/providers.tsx(45,27): error TS2322: Type '{ user: User | null; isLoading: boolean; error: string | null; register: (email: string, password: string) => Promise<User>; login: (email: string, password: string) => Promise<...>; logout: () => Promise<...>; loginAsGuest: () => Promise<...>; isAuthenticated: boolean; isFirebaseConfigured: string | undefined; }' is not assignable to type 'AuthContextType'.
  Types of property 'isFirebaseConfigured' are incompatible.
    Type 'string | undefined' is not assignable to type 'boolean'.
      Type 'undefined' is not assignable to type 'boolean'.
components/data-visualizations.tsx(119,12): error TS2746: This JSX tag's 'children' prop expects a single child of type 'ReactElement<unknown, string | JSXElementConstructor<any>>', but multiple children were provided.
components/export-analysis.tsx(51,26): error TS2345: Argument of type '{ metadata: { name: string; datasetName: string; analysisType: string; createdAt: string; creator: string; }; data: Record<string, any>; statistics: Record<string, any>; insights: string[]; }' is not assignable to parameter of type 'AnalysisReport'.
  Type '{ metadata: { name: string; datasetName: string; analysisType: string; createdAt: string; creator: string; }; data: Record<string, any>; statistics: Record<string, any>; insights: string[]; }' is missing the following properties from type 'AnalysisReport': title, description, generatedAt, datasetName, and 2 more.
hooks/useDataAnalysis.ts(55,17): error TS7006: Parameter 'error' implicitly has an 'any' type.
hooks/useDataAnalysis.ts(112,9): error TS2322: Type '{ summary: string; statistics?: { [key: string]: { mean?: number; median?: number; min?: number; max?: number; stdDev?: number; }; } | undefined; insights?: string[] | undefined; recommendedCharts?: string[] | undefined; }' is not assignable to type 'AnalysisResult'.
  Types of property 'statistics' are incompatible.
    Type '{ [key: string]: { mean?: number | undefined; median?: number | undefined; min?: number | undefined; max?: number | undefined; stdDev?: number | undefined; }; } | undefined' is not assignable to type '{ [key: string]: { mean?: number | undefined; median?: number | undefined; min?: number | undefined; max?: number | undefined; stdDev?: number | undefined; }; }'.
      Type 'undefined' is not assignable to type '{ [key: string]: { mean?: number | undefined; median?: number | undefined; min?: number | undefined; max?: number | undefined; stdDev?: number | undefined; }; }'.
lib/ml-utils.ts(1,21): error TS7016: Could not find a declaration file for module 'ml'. 'C:/Users/jerem/OneDrive/Escritorio/Desarrollo de Software/WEB/Proyectos/DataMind/node_modules/ml/src/index.js' implicitly has an 'any' type.
  Try `npm i --save-dev @types/ml` if it exists or add a new declaration (.d.ts) file containing `declare module 'ml';`
